// Jest Snapshot v1, https://goo.gl/fbAQLP

exports[`Test for countryDetails should render 1`] = `
<div
  className="container"
  style={
    Object {
      "display": "block",
      "margin": "auto",
      "width": "90%",
    }
  }
>
  <div
    style={
      Object {
        "display": "flex",
        "justifyContent": "space-between",
        "marginBottom": "1rem",
      }
    }
  >
    <input
      onChange={[Function]}
      placeholder="Search countries"
      style={
        Object {
          "marginRight": "1rem",
          "maxWidth": "400px",
          "width": "100%",
        }
      }
      type="text"
      value=""
    />
    <span
      style={
        Object {
          "alignSelf": "center",
        }
      }
    >
      0
       
      countries
    </span>
  </div>
  <div
    className="row"
    style={
      Object {
        "display": "flex",
        "justifyContent": "space-between",
      }
    }
  />
</div>
`;
